exports[`default view`] = `
<ul>
  <li
    className="li-3067692653">
    <button
      className="delete-236010562"
      onClick={[Function handleDelete]}>
      ×
    </button>
    <input
      checked={false}
      onClick={[Function handleChecked]}
      readOnly={true}
      type="checkbox" />
    <button
      className="togglePrivate-2867110634"
      onClick={[Function handlePrivate]}>
      Public
    </button>
    <span
      className="text-2780870173">
      <strong>
        John
      </strong>
      : 
      Hello, World!
    </span>
  </li>
</ul>
`;
