exports[`default view`] = `
<div
  className="container-264243677">
  <header
    className="header-3102665611">
    <h1
      className="h1-529982976">
      Todo List (
      3
      )
    </h1>
    <label
      className="hideCompleted-1605513253">
      <input
        checked={false}
        onClick={[Function anonymous]}
        readOnly={true}
        type="checkbox" />
      Hide Completed Tasks
    </label>
    <div>
      <div
        className="alt-accounts-status">
        <button>
          Sign In
        </button>
      </div>
    </div>
    <form
      className="form-2005206659"
      onSubmit={[Function bound handleSubmit]}>
      <input
        className="newTask-2969458108"
        onChange={[Function bound handleChange]}
        placeholder="Type to add new tasks"
        type="text"
        value="" />
    </form>
  </header>
  <ul
    className="ul-2536593908">
    <li
      className="li-3067692653">
      <button
        className="delete-236010562"
        onClick={[Function handleDelete]}>
        ×
      </button>
      <input
        checked={false}
        onClick={[Function handleChecked]}
        readOnly={true}
        type="checkbox" />
      <button
        className="togglePrivate-2867110634"
        onClick={[Function handlePrivate]}>
        Public
      </button>
      <span
        className="text-2780870173">
        <strong>
          John
        </strong>
        : 
        This is task 1
      </span>
    </li>
    <li
      className="li-3067692653 private-1016974033">
      <button
        className="delete-236010562"
        onClick={[Function handleDelete]}>
        ×
      </button>
      <input
        checked={false}
        onClick={[Function handleChecked]}
        readOnly={true}
        type="checkbox" />
      <button
        className="togglePrivate-2867110634"
        onClick={[Function handlePrivate]}>
        Private
      </button>
      <span
        className="text-2780870173">
        <strong>
          John
        </strong>
        : 
        This is task 2
      </span>
    </li>
    <li
      className="li-3067692653 checked-4000425453">
      <input
        checked={true}
        onClick={[Function handleChecked]}
        readOnly={true}
        type="checkbox" />
      <span
        className="text-2780870173">
        <strong>
          Bob
        </strong>
        : 
        This is task 3
      </span>
    </li>
  </ul>
</div>
`;
